--------------------------------------------------------------------------------------
Timing Analyzer Summary
--------------------------------------------------------------------------------------

Type           : Worst-case tsu
Slack          : N/A
Required Time  : None
Actual Time    : 2.334 ns
From           : Dip[0]
To             : obstacle_avoidance_FSM:inst1|state.s1
From Clock     : --
To Clock       : Clk_50MHZ
Failed Paths   : 0

Type           : Worst-case tco
Slack          : N/A
Required Time  : None
Actual Time    : 41.157 ns
From           : Music_Block:inst7|inst28
To             : Speaker_82
From Clock     : Clk_50MHZ
To Clock       : --
Failed Paths   : 0

Type           : Worst-case tpd
Slack          : N/A
Required Time  : None
Actual Time    : 10.070 ns
From           : Hall
To             : LED_Green
From Clock     : --
To Clock       : --
Failed Paths   : 0

Type           : Worst-case th
Slack          : N/A
Required Time  : None
Actual Time    : 14.559 ns
From           : Dip[0]
To             : obstacle_avoidance_FSM:inst1|l_fwd
From Clock     : --
To Clock       : Clk_50MHZ
Failed Paths   : 0

Type           : Clock Setup: 'Clk_50MHZ'
Slack          : N/A
Required Time  : None
Actual Time    : 40.91 MHz ( period = 24.444 ns )
From           : Music_Block:inst7|freqCounter:inst30|lpm_counter:lpm_counter_component|cntr_gsi:auto_generated|safe_q[0]
To             : Music_Block:inst7|freqCounter:inst30|lpm_counter:lpm_counter_component|cntr_gsi:auto_generated|safe_q[0]
From Clock     : Clk_50MHZ
To Clock       : Clk_50MHZ
Failed Paths   : 0

Type           : Clock Setup: 'Hall'
Slack          : N/A
Required Time  : None
Actual Time    : Restricted to 250.00 MHz ( period = 4.000 ns )
From           : inst28
To             : inst28
From Clock     : Hall
To Clock       : Hall
Failed Paths   : 0

Type           : Clock Hold: 'Clk_50MHZ'
Slack          : Not operational: Clock Skew > Data Delay
Required Time  : None
Actual Time    : N/A
From           : Music_Block:inst7|inst28
To             : Music_Block:inst7|inst28
From Clock     : Clk_50MHZ
To Clock       : Clk_50MHZ
Failed Paths   : 134

Type           : Total number of failed paths
Slack          : 
Required Time  : 
Actual Time    : 
From           : 
To             : 
From Clock     : 
To Clock       : 
Failed Paths   : 134

--------------------------------------------------------------------------------------

