--------------------------------------------------------------------------------------
Timing Analyzer Summary
--------------------------------------------------------------------------------------

Type           : Worst-case tsu
Slack          : N/A
Required Time  : None
Actual Time    : 1.993 ns
From           : Dip[0]
To             : obstacle_avoidance_FSM:inst1|state.s4
From Clock     : --
To Clock       : Clk_50MHZ
Failed Paths   : 0

Type           : Worst-case tco
Slack          : N/A
Required Time  : None
Actual Time    : 38.948 ns
From           : Music_Block:inst4|inst28
To             : Speaker_74
From Clock     : Clk_50MHZ
To Clock       : --
Failed Paths   : 0

Type           : Worst-case tpd
Slack          : N/A
Required Time  : None
Actual Time    : 8.619 ns
From           : Dip[0]
To             : Left_Servo
From Clock     : --
To Clock       : --
Failed Paths   : 0

Type           : Worst-case th
Slack          : N/A
Required Time  : None
Actual Time    : 18.702 ns
From           : Dip[0]
To             : obstacle_avoidance_FSM:inst1|r_fwd
From Clock     : --
To Clock       : Clk_50MHZ
Failed Paths   : 0

Type           : Clock Setup: 'Clk_50MHZ'
Slack          : N/A
Required Time  : None
Actual Time    : 38.15 MHz ( period = 26.213 ns )
From           : Music_Block:inst4|freqCounter:inst30|lpm_counter:lpm_counter_component|cntr_gsi:auto_generated|safe_q[0]
To             : Music_Block:inst4|freqCounter:inst30|lpm_counter:lpm_counter_component|cntr_gsi:auto_generated|safe_q[0]
From Clock     : Clk_50MHZ
To Clock       : Clk_50MHZ
Failed Paths   : 0

Type           : Clock Hold: 'Clk_50MHZ'
Slack          : Not operational: Clock Skew > Data Delay
Required Time  : None
Actual Time    : N/A
From           : Music_Block:inst4|inst28
To             : Music_Block:inst4|inst28
From Clock     : Clk_50MHZ
To Clock       : Clk_50MHZ
Failed Paths   : 145

Type           : Total number of failed paths
Slack          : 
Required Time  : 
Actual Time    : 
From           : 
To             : 
From Clock     : 
To Clock       : 
Failed Paths   : 145

--------------------------------------------------------------------------------------

