--------------------------------------------------------------------------------------
Timing Analyzer Summary
--------------------------------------------------------------------------------------

Type           : Worst-case tsu
Slack          : N/A
Required Time  : None
Actual Time    : -0.750 ns
From           : BRight_IR_Sensor
To             : IR_Sensor:inst20|Shift4:inst4|lpm_shiftreg:lpm_shiftreg_component|dffs[3]
From Clock     : --
To Clock       : Clk_50MHZ
Failed Paths   : 0

Type           : Worst-case tco
Slack          : N/A
Required Time  : None
Actual Time    : 19.495 ns
From           : Movement_Block:inst3|obstacle_avoidance_FSM:inst1|l_fwd
To             : Left_Servo
From Clock     : Clk_50MHZ
To Clock       : --
Failed Paths   : 0

Type           : Worst-case th
Slack          : N/A
Required Time  : None
Actual Time    : 2.265 ns
From           : Right_IR_Sensor
To             : IR_Sensor:inst14|Shift4:inst4|lpm_shiftreg:lpm_shiftreg_component|dffs[3]
From Clock     : --
To Clock       : Clk_50MHZ
Failed Paths   : 0

Type           : Clock Setup: 'Clk_50MHZ'
Slack          : N/A
Required Time  : None
Actual Time    : 59.64 MHz ( period = 16.768 ns )
From           : IR_Sensor:inst14|reg8:inst12|lpm_ff:lpm_ff_component|dffs[6]
To             : Movement_Block:inst3|obstacle_avoidance_FSM:inst1|state.s1
From Clock     : Clk_50MHZ
To Clock       : Clk_50MHZ
Failed Paths   : 0

Type           : Clock Hold: 'Clk_50MHZ'
Slack          : Not operational: Clock Skew > Data Delay
Required Time  : None
Actual Time    : N/A
From           : BigCount:inst23|lpm_counter:lpm_counter_component|cntr_49h:auto_generated|safe_q[16]
To             : IR_Sensor:inst14|reg8:inst12|lpm_ff:lpm_ff_component|dffs[6]
From Clock     : Clk_50MHZ
To Clock       : Clk_50MHZ
Failed Paths   : 20

Type           : Total number of failed paths
Slack          : 
Required Time  : 
Actual Time    : 
From           : 
To             : 
From Clock     : 
To Clock       : 
Failed Paths   : 20

--------------------------------------------------------------------------------------

